
    A map over the city of Stonehill
    ================================


                       .---------.
                     .-|  Harbor |
                     | `---------'
                .----+---.
                | Temple |
                +----+---+--------.
                | Market + Castle |
                `----+---+--------'
    .------------.   |
    | University +---'
    `------------'


======================================================================

    The City of Stonehill
    ---------------------



======================================================================

    The Temple of two Gods
    ----------------------



======================================================================

    The University
    --------------



======================================================================

    The Castle
    ----------



======================================================================

    The Marketplace
    ---------------



======================================================================

    The Harbour
    -----------



======================================================================
